// Jest Snapshot v1, https://goo.gl/fbAQLP

exports[`<NotFoundPage> should render properly 1`] = `
.c0 {
  margin: auto;
  max-width: 800px;
  padding: 20px;
}

.c2 {
  font-size: 22px;
  background: #CA222B;
  display: inline;
  padding: 5px;
}

@media (min-width:760px) {
  .c1 {
    display: none;
  }
}

<body>
  <div>
    <section
      class="c0"
    >
      <p>
        Header
      </p>
      <div
        class="c1"
      >
        <p>
          Navigation
        </p>
      </div>
      <p>
        Search
      </p>
      <main>
        <p>
          Metatags
        </p>
        <h1
          class="c2"
        >
          NÃ£o encontrado
        </h1>
        <p>
          You just hit a route that doesn't exist... the sadness.
        </p>
      </main>
      <p>
        Footer
      </p>
    </section>
  </div>
</body>
`;
