// Jest Snapshot v1, https://goo.gl/fbAQLP

exports[`<PageTitle /> should render properly 1`] = `
.c0 {
  font-size: 22px;
  background: #d73738;
  display: inline;
  padding: 5px;
}

<body>
  <div>
    <h1
      class="c0"
    >
      John Doe
    </h1>
  </div>
</body>
`;
